Component: ARM Compiler 5.06 update 1 (build 61) Tool: armlink [4d35a8]

==============================================================================

Section Cross References

    main.o(.text) refers to _printf_pad.o(.text) for _printf_pre_padding
    main.o(.text) refers to _printf_percent.o(.ARM.Collect$$_printf_percent$$00000000) for _printf_percent
    main.o(.text) refers to _printf_d.o(.ARM.Collect$$_printf_percent$$00000009) for _printf_d
    main.o(.text) refers to _printf_dec.o(.text) for _printf_int_dec
    main.o(.text) refers to adc.o(.text) for Get_Adc_Average
    main.o(.text) refers to stm32f4xx_rtc.o(.text) for RTC_GetTime
    main.o(.text) refers to noretval__2sprintf.o(.text) for __2sprintf
    main.o(.text) refers to os_time.o(.text) for OSTimeDlyHMSM
    main.o(.text) refers to key.o(.text) for KEY_Scan
    main.o(.text) refers to menu.o(.text) for OLED_display
    main.o(.text) refers to mpu6050.o(.text) for Read_DMP
    main.o(.text) refers to inv_mpu_dmp_motion_driver.o(.text) for dmp_get_pedometer_step_count
    main.o(.text) refers to lv_task.o(.text) for lv_task_handler
    main.o(.text) refers to bmp180.o(.text) for BMP_UncompemstatedToTrue
    main.o(.text) refers to app_start.o(.text) for app_show_start
    main.o(.text) refers to app_meun.o(.text) for app_menu_tip_create
    main.o(.text) refers to app_clock.o(.text) for app_clock_create
    main.o(.text) refers to app_lighting.o(.text) for app_lighting_create
    main.o(.text) refers to app_about.o(.text) for app_about_create
    main.o(.text) refers to app_game.o(.text) for app_game_create
    main.o(.text) refers to cpu_core.o(.text) for CPU_Init
    main.o(.text) refers to os_stat.o(.text) for OSStatTaskCPUUsageInit
    main.o(.text) refers to cpu_a.o(.text) for CPU_SR_Save
    main.o(.text) refers to os_task.o(.text) for OSTaskCreate
    main.o(.text) refers to delay.o(.text) for delay_init
    main.o(.text) refers to misc.o(.text) for NVIC_PriorityGroupConfig
    main.o(.text) refers to rtc.o(.text) for My_RTC_Init
    main.o(.text) refers to led.o(.text) for LED_Init
    main.o(.text) refers to pwm.o(.text) for TIM1_PWM_Init
    main.o(.text) refers to lcd.o(.text) for LCD_Init
    main.o(.text) refers to usart.o(.text) for uart_init
    main.o(.text) refers to ioi2c.o(.text) for IIC_Init
    main.o(.text) refers to iwdg.o(.text) for IWDG_Init
    main.o(.text) refers to timer.o(.text) for TIM3_Int_Init
    main.o(.text) refers to lv_obj.o(.text) for lv_init
    main.o(.text) refers to lv_port_disp.o(.text) for lv_port_disp_init
    main.o(.text) refers to os_core.o(.text) for OSInit
    main.o(.text) refers to app_start.o(.data) for adcx
    main.o(.text) refers to bmp180.o(.bss) for bmp180
    main.o(.text) refers to main.o(.bss) for LVGL_TASK_STK
    gui.o(.text) refers to lcd.o(.text) for LCD_Address_Set
    gui.o(.text) refers to stm32f4xx_spi.o(.text) for SPI_Cmd
    gui.o(.text) refers to dma.o(.text) for MYDMA_Config1
    gui.o(.text) refers to lcd.o(.bss) for lcddev
    gui.o(.text) refers to lcd.o(.data) for POINT_COLOR
    gui.o(.text) refers to gui.o(.constdata) for asc2_1206
    gui.o(.text) refers to strlen.o(.text) for strlen
    system_stm32f4xx.o(.text) refers to system_stm32f4xx.o(.data) for SystemCoreClock
    myiic.o(.text) refers to stm32f4xx_rcc.o(.text) for RCC_AHB1PeriphClockCmd
    myiic.o(.text) refers to stm32f4xx_gpio.o(.text) for GPIO_Init
    myiic.o(.text) refers to delay.o(.text) for delay_us
    key.o(.text) refers to stm32f4xx_rcc.o(.text) for RCC_AHB1PeriphClockCmd
    key.o(.text) refers to stm32f4xx_gpio.o(.text) for GPIO_Init
    key.o(.text) refers to delay.o(.text) for delay_ms
    key.o(.text) refers to key.o(.data) for key_up
    lcd.o(.text) refers to spi.o(.text) for SPI_WriteByte
    lcd.o(.text) refers to stm32f4xx_rcc.o(.text) for RCC_AHB1PeriphClockCmd
    lcd.o(.text) refers to stm32f4xx_gpio.o(.text) for GPIO_Init
    lcd.o(.text) refers to delay.o(.text) for delay_ms
    lcd.o(.text) refers to lcd.o(.bss) for lcddev
    lcd.o(.text) refers to lcd.o(.data) for POINT_COLOR
    led.o(.text) refers to stm32f4xx_rcc.o(.text) for RCC_AHB1PeriphClockCmd
    led.o(.text) refers to stm32f4xx_gpio.o(.text) for GPIO_Init
    spi.o(.text) refers to stm32f4xx_rcc.o(.text) for RCC_AHB1PeriphClockCmd
    spi.o(.text) refers to stm32f4xx_gpio.o(.text) for GPIO_Init
    spi.o(.text) refers to stm32f4xx_spi.o(.text) for SPI_Init
    dma.o(.text) refers to stm32f4xx_rcc.o(.text) for RCC_AHB1PeriphClockCmd
    dma.o(.text) refers to stm32f4xx_dma.o(.text) for DMA_DeInit
    dma.o(.text) refers to misc.o(.text) for NVIC_Init
    dma.o(.text) refers to stm32f4xx_spi.o(.text) for SPI_I2S_DMACmd
    dma.o(.text) refers to lv_hal_disp.o(.text) for lv_disp_flush_ready
    dma.o(.text) refers to lv_port_disp.o(.data) for disp_drv_p
    usart.o(.rev16_text) refers (Special) to use_no_semi_2.o(.text) for __use_no_semihosting
[...]
    OSDbg_MutexEn                            0x0803ef0c   Data           1  os_dbg.o(.constdata)
    OSDbg_MutexDelEn                         0x0803ef0d   Data           1  os_dbg.o(.constdata)
    OSDbg_MutexPendAbortEn                   0x0803ef0e   Data           1  os_dbg.o(.constdata)
    OSDbg_MutexSize                          0x0803ef10   Data           2  os_dbg.o(.constdata)
    OSDbg_ObjTypeChkEn                       0x0803ef12   Data           1  os_dbg.o(.constdata)
    OSDbg_PendMultiEn                        0x0803ef13   Data           1  os_dbg.o(.constdata)
    OSDbg_PendDataSize                       0x0803ef14   Data           2  os_dbg.o(.constdata)
    OSDbg_PendListSize                       0x0803ef16   Data           2  os_dbg.o(.constdata)
    OSDbg_PendObjSize                        0x0803ef18   Data           2  os_dbg.o(.constdata)
    OSDbg_PrioMax                            0x0803ef1a   Data           2  os_dbg.o(.constdata)
    OSDbg_PrioTblSize                        0x0803ef1c   Data           2  os_dbg.o(.constdata)
    OSDbg_PtrSize                            0x0803ef1e   Data           2  os_dbg.o(.constdata)
    OSDbg_Q                                  0x0803ef20   Data          48  os_dbg.o(.constdata)
    OSDbg_QEn                                0x0803ef50   Data           1  os_dbg.o(.constdata)
    OSDbg_QDelEn                             0x0803ef51   Data           1  os_dbg.o(.constdata)
    OSDbg_QFlushEn                           0x0803ef52   Data           1  os_dbg.o(.constdata)
    OSDbg_QPendAbortEn                       0x0803ef53   Data           1  os_dbg.o(.constdata)
    OSDbg_QSize                              0x0803ef54   Data           2  os_dbg.o(.constdata)
    OSDbg_SchedRoundRobinEn                  0x0803ef56   Data           1  os_dbg.o(.constdata)
    OSDbg_Sem                                0x0803ef58   Data          40  os_dbg.o(.constdata)
    OSDbg_SemEn                              0x0803ef80   Data           1  os_dbg.o(.constdata)
    OSDbg_SemDelEn                           0x0803ef81   Data           1  os_dbg.o(.constdata)
    OSDbg_SemPendAbortEn                     0x0803ef82   Data           1  os_dbg.o(.constdata)
    OSDbg_SemSetEn                           0x0803ef83   Data           1  os_dbg.o(.constdata)
    OSDbg_SemSize                            0x0803ef84   Data           2  os_dbg.o(.constdata)
    OSDbg_RdyList                            0x0803ef86   Data           2  os_dbg.o(.constdata)
    OSDbg_RdyListSize                        0x0803ef88   Data           4  os_dbg.o(.constdata)
    OSDbg_StkWidth                           0x0803ef8c   Data           1  os_dbg.o(.constdata)
    OSDbg_StatTaskEn                         0x0803ef8d   Data           1  os_dbg.o(.constdata)
    OSDbg_StatTaskStkChkEn                   0x0803ef8e   Data           1  os_dbg.o(.constdata)
    OSDbg_TaskChangePrioEn                   0x0803ef8f   Data           1  os_dbg.o(.constdata)
    OSDbg_TaskDelEn                          0x0803ef90   Data           1  os_dbg.o(.constdata)
    OSDbg_TaskQEn                            0x0803ef91   Data           1  os_dbg.o(.constdata)
    OSDbg_TaskQPendAbortEn                   0x0803ef92   Data           1  os_dbg.o(.constdata)
    OSDbg_TaskProfileEn                      0x0803ef93   Data           1  os_dbg.o(.constdata)
    OSDbg_TaskRegTblSize                     0x0803ef94   Data           2  os_dbg.o(.constdata)
    OSDbg_TaskSemPendAbortEn                 0x0803ef96   Data           1  os_dbg.o(.constdata)
    OSDbg_TaskSuspendEn                      0x0803ef97   Data           1  os_dbg.o(.constdata)
    OSDbg_TCBSize                            0x0803ef98   Data           2  os_dbg.o(.constdata)
    OSDbg_TickSpokeSize                      0x0803ef9a   Data           2  os_dbg.o(.constdata)
    OSDbg_TimeDlyHMSMEn                      0x0803ef9c   Data           1  os_dbg.o(.constdata)
    OSDbg_TimeDlyResumeEn                    0x0803ef9d   Data           1  os_dbg.o(.constdata)
    OSDbg_TLS_TblSize                        0x0803ef9e   Data           2  os_dbg.o(.constdata)
    OSDbg_Tmr                                0x0803efa0   Data          52  os_dbg.o(.constdata)
    OSDbg_TmrEn                              0x0803efd4   Data           1  os_dbg.o(.constdata)
    OSDbg_TmrDelEn                           0x0803efd5   Data           1  os_dbg.o(.constdata)
    OSDbg_TmrSize                            0x0803efd6   Data           2  os_dbg.o(.constdata)
    OSDbg_TmrSpokeSize                       0x0803efd8   Data           2  os_dbg.o(.constdata)
    OSDbg_VersionNbr                         0x0803efda   Data           2  os_dbg.o(.constdata)
    OSDbg_DataSize                           0x0803efdc   Data           4  os_dbg.o(.constdata)
    _lv_bpp1_opa_table                       0x0803eff0   Data           2  lv_draw_label.o(.constdata)
    _lv_bpp2_opa_table                       0x0803eff2   Data           4  lv_draw_label.o(.constdata)
    _lv_bpp3_opa_table                       0x0803eff6   Data           8  lv_draw_label.o(.constdata)
    _lv_bpp4_opa_table                       0x0803effe   Data          16  lv_draw_label.o(.constdata)
    _lv_bpp8_opa_table                       0x0803f00e   Data         256  lv_draw_label.o(.constdata)
    lv_anim_path_def                         0x080461ec   Data           8  lv_anim.o(.constdata)
    line_points                              0x08046308   Data           8  app_start.o(.constdata)
    tip_line_points                          0x0804632c   Data           8  app_meun.o(.constdata)
    start_map                                0x08046464   Data       47250  start.o(.constdata)
    start                                    0x08051cf8   Data          12  start.o(.constdata)
    people1_map                              0x08051d04   Data        2816  people1.o(.constdata)
    people1                                  0x08052804   Data          12  people1.o(.constdata)
    people2_map                              0x08052810   Data        2816  people2.o(.constdata)
    people2                                  0x08053310   Data          12  people2.o(.constdata)
    people3_map                              0x0805331c   Data        2816  people3.o(.constdata)
    people3                                  0x08053e1c   Data          12  people3.o(.constdata)
    people4_map                              0x08053e28   Data        2816  people4.o(.constdata)
    people4                                  0x08054928   Data          12  people4.o(.constdata)
    people5_map                              0x08054934   Data        2816  people5.o(.constdata)
    people5                                  0x08055434   Data          12  people5.o(.constdata)
    people6_map                              0x08055440   Data        2816  people6.o(.constdata)
    people6                                  0x08055f40   Data          12  people6.o(.constdata)
    people7_map                              0x08055f4c   Data        2816  people7.o(.constdata)
    people7                                  0x08056a4c   Data          12  people7.o(.constdata)
    people8_map                              0x08056a58   Data        2816  people8.o(.constdata)
    people8                                  0x08057558   Data          12  people8.o(.constdata)
    people9_map                              0x08057564   Data        2816  people9.o(.constdata)
    people9                                  0x08058064   Data          12  people9.o(.constdata)
    people10_map                             0x08058070   Data        2816  people10.o(.constdata)
    people10                                 0x08058b70   Data          12  people10.o(.constdata)
    people11_map                             0x08058b7c   Data        2816  people11.o(.constdata)
    people11                                 0x0805967c   Data          12  people11.o(.constdata)
    people12_map                             0x08059688   Data        2816  people12.o(.constdata)
    people12                                 0x0805a188   Data          12  people12.o(.constdata)
    people13_map                             0x0805a194   Data        2816  people13.o(.constdata)
    people13                                 0x0805ac94   Data          12  people13.o(.constdata)
    people14_map                             0x0805aca0   Data        2816  people14.o(.constdata)
    people14                                 0x0805b7a0   Data          12  people14.o(.constdata)
    people15_map                             0x0805b7ac   Data        2816  people15.o(.constdata)
    people15                                 0x0805c2ac   Data          12  people15.o(.constdata)
    people16_map                             0x0805c2b8   Data        2816  people16.o(.constdata)
    people16                                 0x0805cdb8   Data          12  people16.o(.constdata)
    people17_map                             0x0805cdc4   Data        2816  people17.o(.constdata)
    people17                                 0x0805d8c4   Data          12  people17.o(.constdata)
    people18_map                             0x0805d8d0   Data        2816  people18.o(.constdata)
    people18                                 0x0805e3d0   Data          12  people18.o(.constdata)
    people19_map                             0x0805e3dc   Data        2816  people19.o(.constdata)
    people19                                 0x0805eedc   Data          12  people19.o(.constdata)
    people20_map                             0x0805eee8   Data        2816  people20.o(.constdata)
    people20                                 0x0805f9e8   Data          12  people20.o(.constdata)
    people21_map                             0x0805f9f4   Data        2816  people21.o(.constdata)
    people21                                 0x080604f4   Data          12  people21.o(.constdata)
    people22_map                             0x08060500   Data        2816  people22.o(.constdata)
    people22                                 0x08061000   Data          12  people22.o(.constdata)
    people23_map                             0x0806100c   Data        2816  people23.o(.constdata)
    people23                                 0x08061b0c   Data          12  people23.o(.constdata)
    people24_map                             0x08061b18   Data        2816  people24.o(.constdata)
    people24                                 0x08062618   Data          12  people24.o(.constdata)
    people25_map                             0x08062624   Data        2816  people25.o(.constdata)
    people25                                 0x08063124   Data          12  people25.o(.constdata)
    people26_map                             0x08063130   Data        2816  people26.o(.constdata)
    people26                                 0x08063c30   Data          12  people26.o(.constdata)
    people27_map                             0x08063c3c   Data        2816  people27.o(.constdata)
    people27                                 0x0806473c   Data          12  people27.o(.constdata)
    people28_map                             0x08064748   Data        2816  people28.o(.constdata)
    people28                                 0x08065248   Data          12  people28.o(.constdata)
    people29_map                             0x08065254   Data        2816  people29.o(.constdata)
    people29                                 0x08065d54   Data          12  people29.o(.constdata)
    people30_map                             0x08065d60   Data        2841  people30.o(.constdata)
    people30                                 0x0806687c   Data          12  people30.o(.constdata)
    main_back_map                            0x08066888   Data       28800  main_back.o(.constdata)
    main_back                                0x0806d908   Data          12  main_back.o(.constdata)
    about_map                                0x0806d914   Data       10620  about.o(.constdata)
    about                                    0x08070290   Data          12  about.o(.constdata)
    clock_map                                0x0807029c   Data       10800  clock.o(.constdata)
    clock                                    0x08072ccc   Data          12  clock.o(.constdata)
    game_map                                 0x08072cd8   Data       10800  game.o(.constdata)
    game                                     0x08075708   Data          12  game.o(.constdata)
    lighting_map                             0x08075714   Data       10800  lighting.o(.constdata)
    lighting                                 0x08078144   Data          12  lighting.o(.constdata)
    __mathlib_zero                           0x080796c8   Data           8  qnan.o(.constdata)
    Region$$Table$$Base                      0x08079724   Number         0  anon$$obj.o(Region$$Table)
    Region$$Table$$Limit                     0x08079744   Number         0  anon$$obj.o(Region$$Table)
    SystemCoreClock                          0x20000000   Data           4  system_stm32f4xx.o(.data)
    AHBPrescTable                            0x20000004   Data          16  system_stm32f4xx.o(.data)
    Trg                                      0x20000014   Data           1  key.o(.data)
    Cont                                     0x20000015   Data           1  key.o(.data)
    PressTime                                0x20000016   Data           1  key.o(.data)
    key_mun                                  0x20000017   Data           1  key.o(.data)
    POINT_COLOR                              0x2000001a   Data           2  lcd.o(.data)
    BACK_COLOR                               0x2000001c   Data           2  lcd.o(.data)
    DeviceCode                               0x2000001e   Data           2  lcd.o(.data)
    __stdout                                 0x20000020   Data           4  usart.o(.data)
    USART_RX_STA                             0x20000024   Data           2  usart.o(.data)
    NVIC_InitStructure                       0x20000026   Data           4  rtc.o(.data)
    gyro                                     0x20000058   Data           6  mpu6050.o(.data)
    accel                                    0x2000005e   Data           6  mpu6050.o(.data)
    sensors                                  0x20000064   Data           2  mpu6050.o(.data)
    Pitch                                    0x20000068   Data           4  mpu6050.o(.data)
    Roll                                     0x2000006c   Data           4  mpu6050.o(.data)
    Yaw                                      0x20000070   Data           4  mpu6050.o(.data)
    q0                                       0x20000074   Data           4  mpu6050.o(.data)
    q1                                       0x20000078   Data           4  mpu6050.o(.data)
    q2                                       0x2000007c   Data           4  mpu6050.o(.data)
    q3                                       0x20000080   Data           4  mpu6050.o(.data)
    Gx_offset                                0x2000008e   Data           2  mpu6050.o(.data)
    Gy_offset                                0x20000090   Data           2  mpu6050.o(.data)
    Gz_offset                                0x20000092   Data           2  mpu6050.o(.data)
    yaw                                      0x20000094   Data           4  mpu6050.o(.data)
    roller_max                               0x20000098   Data           4  menu.o(.data)
    index                                    0x2000009c   Data           1  menu.o(.data)
    Clock_Index                              0x2000009d   Data           1  menu.o(.data)
    nowIndex                                 0x2000009e   Data           1  menu.o(.data)
    LastIndex                                0x2000009f   Data           1  menu.o(.data)
    bglight                                  0x200000a0   Data           2  menu.o(.data)
    CPU_TS_TmrFreq_Hz                        0x200000b8   Data           4  cpu_core.o(.data)
    CPU_IntDisMeasCtr                        0x200000bc   Data           2  cpu_core.o(.data)
    CPU_IntDisNestCtr                        0x200000be   Data           2  cpu_core.o(.data)
    CPU_IntDisMeasStart_cnts                 0x200000c0   Data           4  cpu_core.o(.data)
    CPU_IntDisMeasStop_cnts                  0x200000c4   Data           4  cpu_core.o(.data)
    CPU_IntDisMeasOvrhd_cnts                 0x200000c8   Data           4  cpu_core.o(.data)
    CPU_IntDisMeasMaxCur_cnts                0x200000cc   Data           4  cpu_core.o(.data)
    CPU_IntDisMeasMax_cnts                   0x200000d0   Data           4  cpu_core.o(.data)
    Mem_PoolTbl                              0x200000d4   Data           4  lib_mem.o(.data)
    OSPrioTbl                                0x200000d8   Data           8  os_prio.o(.data)
    OS_AppTaskCreateHookPtr                  0x200000e0   Data           4  os_var.o(.data)
    OS_AppTaskDelHookPtr                     0x200000e4   Data           4  os_var.o(.data)
    OS_AppTaskReturnHookPtr                  0x200000e8   Data           4  os_var.o(.data)
    OS_AppIdleTaskHookPtr                    0x200000ec   Data           4  os_var.o(.data)
    OS_AppStatTaskHookPtr                    0x200000f0   Data           4  os_var.o(.data)
    OS_AppTaskSwHookPtr                      0x200000f4   Data           4  os_var.o(.data)
    OS_AppTimeTickHookPtr                    0x200000f8   Data           4  os_var.o(.data)
    OSIdleTaskCtr                            0x200000fc   Data           4  os_var.o(.data)
    OSIntNestingCtr                          0x20000100   Data           1  os_var.o(.data)
    OSIntDisTimeMax                          0x20000104   Data           4  os_var.o(.data)
    OSRunning                                0x20000108   Data           1  os_var.o(.data)
    OSFlagDbgListPtr                         0x2000010c   Data           4  os_var.o(.data)
    OSFlagQty                                0x20000110   Data           2  os_var.o(.data)
    OSMemDbgListPtr                          0x20000114   Data           4  os_var.o(.data)
    OSMemQty                                 0x20000118   Data           2  os_var.o(.data)
    OSMutexDbgListPtr                        0x2000011c   Data           4  os_var.o(.data)
    OSMutexQty                               0x20000120   Data           2  os_var.o(.data)
    OSPrioCur                                0x20000122   Data           1  os_var.o(.data)
    OSPrioHighRdy                            0x20000123   Data           1  os_var.o(.data)
    OSPrioSaved                              0x20000124   Data           1  os_var.o(.data)
    OSQDbgListPtr                            0x20000128   Data           4  os_var.o(.data)
    OSQQty                                   0x2000012c   Data           2  os_var.o(.data)
    OSSchedLockNestingCtr                    0x2000012e   Data           1  os_var.o(.data)
    OSSemDbgListPtr                          0x20000130   Data           4  os_var.o(.data)
    OSSemQty                                 0x20000134   Data           2  os_var.o(.data)
    OSStatResetFlag                          0x20000136   Data           1  os_var.o(.data)
    OSStatTaskCPUUsage                       0x20000138   Data           2  os_var.o(.data)
    OSStatTaskCPUUsageMax                    0x2000013a   Data           2  os_var.o(.data)
    OSStatTaskCtr                            0x2000013c   Data           4  os_var.o(.data)
    OSStatTaskCtrMax                         0x20000140   Data           4  os_var.o(.data)
    OSStatTaskCtrRun                         0x20000144   Data           4  os_var.o(.data)
    OSStatTaskRdy                            0x20000148   Data           1  os_var.o(.data)
    OSStatTaskTimeMax                        0x2000014c   Data           4  os_var.o(.data)
    OSTaskCtxSwCtr                           0x20000150   Data           4  os_var.o(.data)
    OSTaskDbgListPtr                         0x20000154   Data           4  os_var.o(.data)
    OSTaskQty                                0x20000158   Data           2  os_var.o(.data)
    OSTaskRegNextAvailID                     0x2000015a   Data           1  os_var.o(.data)
    OSTickCtr                                0x2000015c   Data           4  os_var.o(.data)
    OSTickTaskTimeMax                        0x20000160   Data           4  os_var.o(.data)
    OSTmrDbgListPtr                          0x20000164   Data           4  os_var.o(.data)
    OSTmrQty                                 0x20000168   Data           2  os_var.o(.data)
    OSTmrTaskTimeMax                         0x2000016c   Data           4  os_var.o(.data)
    OSTmrTickCtr                             0x20000170   Data           4  os_var.o(.data)
    OSTmrUpdateCnt                           0x20000174   Data           4  os_var.o(.data)
    OSTmrUpdateCtr                           0x20000178   Data           4  os_var.o(.data)
    OSTCBCurPtr                              0x2000017c   Data           4  os_var.o(.data)
    OSTCBHighRdyPtr                          0x20000180   Data           4  os_var.o(.data)
    OS_CPU_ExceptStkBase                     0x20000184   Data           4  os_cpu_c.o(.data)
    lv_font_montserrat_14                    0x200001d8   Data          20  lv_font_montserrat_14.o(.data)
    lv_font_montserrat_16                    0x20000208   Data          20  lv_font_montserrat_16.o(.data)
    _lv_img_cache_array                      0x20000234   Data           4  lv_gc.o(.data)
    _lv_task_act                             0x20000238   Data           4  lv_gc.o(.data)
    _lv_theme_material_styles                0x2000023c   Data           4  lv_gc.o(.data)
    _lv_theme_template_styles                0x20000240   Data           4  lv_gc.o(.data)
    _lv_theme_mono_styles                    0x20000244   Data           4  lv_gc.o(.data)
    _lv_theme_empty_styles                   0x20000248   Data           4  lv_gc.o(.data)
    _lv_font_decompr_buf                     0x2000024c   Data           4  lv_gc.o(.data)
    _lv_txt_encoded_size                     0x20000280   Data           4  lv_txt.o(.data)
    _lv_txt_unicode_to_encoded               0x20000284   Data           4  lv_txt.o(.data)
    _lv_txt_encoded_conv_wc                  0x20000288   Data           4  lv_txt.o(.data)
    _lv_txt_encoded_next                     0x2000028c   Data           4  lv_txt.o(.data)
    _lv_txt_encoded_prev                     0x20000290   Data           4  lv_txt.o(.data)
    _lv_txt_encoded_get_byte_id              0x20000294   Data           4  lv_txt.o(.data)
    _lv_txt_encoded_get_char_id              0x20000298   Data           4  lv_txt.o(.data)
    _lv_txt_get_encoded_length               0x2000029c   Data           4  lv_txt.o(.data)
    disp_drv_p                               0x200002e8   Data           4  lv_port_disp.o(.data)
    scr                                      0x20000300   Data           4  app_start.o(.data)
    anim_cont                                0x20000304   Data           4  app_start.o(.data)
    upscr_cont                               0x20000308   Data           4  app_start.o(.data)
    time_cont                                0x2000030c   Data           4  app_start.o(.data)
    sec_cont                                 0x20000310   Data           4  app_start.o(.data)
    data_cont                                0x20000314   Data           4  app_start.o(.data)
    week_cont                                0x20000318   Data           4  app_start.o(.data)
    label_time                               0x2000031c   Data           4  app_start.o(.data)
    label_sec                                0x20000320   Data           4  app_start.o(.data)
    label_data                               0x20000324   Data           4  app_start.o(.data)
    label_week                               0x20000328   Data           4  app_start.o(.data)
    label_Run                                0x2000032c   Data           4  app_start.o(.data)
    label_text_Run                           0x20000330   Data           4  app_start.o(.data)
    label_temp                               0x20000334   Data           4  app_start.o(.data)
    label_text_temp                          0x20000338   Data           4  app_start.o(.data)
    up_line                                  0x2000033c   Data           4  app_start.o(.data)
    down_line                                0x20000340   Data           4  app_start.o(.data)
    i                                        0x20000344   Data           1  app_start.o(.data)
    task3                                    0x20000348   Data           4  app_start.o(.data)
    task1                                    0x2000034c   Data           4  app_start.o(.data)
    TEMP                                     0x20000350   Data           8  app_start.o(.data)
    walk                                     0x20000358   Data           8  app_start.o(.data)
    step_count                               0x20000360   Data           4  app_start.o(.data)
    week                                     0x20000364   Data           1  app_start.o(.data)
    hours                                    0x20000365   Data           1  app_start.o(.data)
    minutes                                  0x20000366   Data           1  app_start.o(.data)
    seconds                                  0x20000367   Data           1  app_start.o(.data)
    timer                                    0x20000368   Data           5  app_start.o(.data)
    Seconds                                  0x2000036d   Data           2  app_start.o(.data)
    date                                     0x2000036f   Data           5  app_start.o(.data)
    task2                                    0x20000374   Data           4  app_start.o(.data)
    adcx                                     0x20000378   Data           1  app_start.o(.data)
    bat                                      0x20000379   Data           5  app_start.o(.data)
    label_BAT                                0x20000380   Data           4  app_start.o(.data)
    tip_cont                                 0x20000394   Data           4  app_meun.o(.data)
    label_tip                                0x20000398   Data           4  app_meun.o(.data)
    tip_line                                 0x2000039c   Data           4  app_meun.o(.data)
    RTC_Up_TimeStruct                        0x200003c0   Data           4  app_clock.o(.data)
    RTC_Up_DateStruct                        0x200003c4   Data           4  app_clock.o(.data)
    task4                                    0x200003c8   Data           4  app_clock.o(.data)
    label_lighting                           0x200003d8   Data           4  app_lighting.o(.data)
    bgcode                                   0x200003dc   Data           5  app_lighting.o(.data)
    my_font_icon_num60                       0x20000400   Data          20  my_font_icon_num60.o(.data)
    my_font_icon_num20                       0x20000430   Data          20  my_font_icon_num20.o(.data)
    my_font_icon_30                          0x20000460   Data          20  my_font_icon_30.o(.data)
    my_font_icon_31                          0x20000490   Data          20  my_font_icon_31.o(.data)
    StartTaskTCB                             0x200004a8   Data         196  main.o(.bss)
    START_TASK_STK                           0x2000056c   Data        2048  main.o(.bss)
    MPU6050TaskTCB                           0x20000d6c   Data         196  main.o(.bss)
    MPU6050_TASK_STK                         0x20000e30   Data        2048  main.o(.bss)
    BMPTaskTCB                               0x20001630   Data         196  main.o(.bss)
    BMP_TASK_STK                             0x200016f8   Data        2048  main.o(.bss)
    BUTTONTaskTCB                            0x20001ef8   Data         196  main.o(.bss)
    BUTTON_TASK_STK                          0x20001fbc   Data        2048  main.o(.bss)
    LVGLTaskTCB                              0x200027bc   Data         196  main.o(.bss)
    LVGL_TASK_STK                            0x20002880   Data        4096  main.o(.bss)
    DATATaskTCB                              0x20003880   Data         196  main.o(.bss)
    DATA_TASK_STK                            0x20003944   Data        2048  main.o(.bss)
    lcddev                                   0x20004144   Data          16  lcd.o(.bss)
    USART_RX_BUF                             0x20004154   Data         200  usart.o(.bss)
    bmp180                                   0x2000421c   Data          76  bmp180.o(.bss)
    buffer                                   0x20004278   Data          14  mpu6050.o(.bss)
    MPU6050_FIFO                             0x20004286   Data         132  mpu6050.o(.bss)
    CPU_Name                                 0x2000430a   Data          16  cpu_core.o(.bss)
    Mem_PoolHeap                             0x2000431c   Data          72  lib_mem.o(.bss)
    Mem_Heap                                 0x20004364   Data        1024  lib_mem.o(.bss)
    OSCfg_IdleTaskStk                        0x20004764   Data         512  os_cfg_app.o(.bss)
    OSCfg_ISRStk                             0x20004964   Data         512  os_cfg_app.o(.bss)
    OSCfg_MsgPool                            0x20004b64   Data        1600  os_cfg_app.o(.bss)
    OSCfg_StatTaskStk                        0x200051a4   Data         512  os_cfg_app.o(.bss)
    OSCfg_TickTaskStk                        0x200053a4   Data         512  os_cfg_app.o(.bss)
    OSCfg_TickWheel                          0x200055a4   Data         136  os_cfg_app.o(.bss)
    OSCfg_TmrTaskStk                         0x2000562c   Data         512  os_cfg_app.o(.bss)
    OSCfg_TmrWheel                           0x2000582c   Data         136  os_cfg_app.o(.bss)
    OSIdleTaskTCB                            0x200058b4   Data         196  os_var.o(.bss)
    OSMsgPool                                0x20005978   Data          12  os_var.o(.bss)
    OSRdyList                                0x20005984   Data         768  os_var.o(.bss)
    OSStatTaskTCB                            0x20005c84   Data         196  os_var.o(.bss)
    OSTickTaskTCB                            0x20005d48   Data         196  os_var.o(.bss)
    OSTmrTaskTCB                             0x20005e0c   Data         196  os_var.o(.bss)
    _lv_task_ll                              0x20005fd0   Data          12  lv_gc.o(.bss)
    _lv_disp_ll                              0x20005fdc   Data          12  lv_gc.o(.bss)
    _lv_indev_ll                             0x20005fe8   Data          12  lv_gc.o(.bss)
    _lv_drv_ll                               0x20005ff4   Data          12  lv_gc.o(.bss)
    _lv_file_ll                              0x20006000   Data          12  lv_gc.o(.bss)
    _lv_anim_ll                              0x2000600c   Data          12  lv_gc.o(.bss)
    _lv_group_ll                             0x20006018   Data          12  lv_gc.o(.bss)
    _lv_img_defoder_ll                       0x20006024   Data          12  lv_gc.o(.bss)
    _lv_obj_style_trans_ll                   0x20006030   Data          12  lv_gc.o(.bss)
    _lv_mem_buf                              0x2000603c   Data         128  lv_gc.o(.bss)
    _lv_draw_mask_list                       0x200060bc   Data         128  lv_gc.o(.bss)
    __libspace_start                         0x20016060   Data          96  libspace.o(.bss)
    __temporary_stack_top$libspace           0x200160c0   Data           0  libspace.o(.bss)



==============================================================================

Memory Map of the image

  Image Entry point : 0x08000199

  Load Region LR_IROM1 (Base: 0x08000000, Size: 0x00079be8, Max: 0x00080000, ABSOLUTE, COMPRESSED[0x00079844])

    Execution Region ER_IROM1 (Exec base: 0x08000000, Load base: 0x08000000, Size: 0x00079744, Max: 0x00080000, ABSOLUTE)

    Exec Addr    Load Addr    Size         Type   Attr      Idx    E Section Name        Object

    0x08000000   0x08000000   0x00000198   Data   RO         1350    RESET               startup_stm32f411xe.o
    0x08000198   0x08000198   0x00000008   Code   RO         7964  * !!!main             c_w.l(__main.o)
    0x080001a0   0x080001a0   0x00000034   Code   RO         8287    !!!scatter          c_w.l(__scatter.o)
    0x080001d4   0x080001d4   0x0000005a   Code   RO         8285    !!dczerorl2         c_w.l(__dczerorl2.o)
    0x0800022e   0x0800022e   0x00000002   PAD
    0x08000230   0x08000230   0x0000001c   Code   RO         8289    !!handler_zi        c_w.l(__scatter_zi.o)
    0x0800024c   0x0800024c   0x00000000   Code   RO         7943    .ARM.Collect$$_printf_percent$$00000000  c_w.l(_printf_percent.o)
    0x0800024c   0x0800024c   0x00000006   Code   RO         7942    .ARM.Collect$$_printf_percent$$00000009  c_w.l(_printf_d.o)
    0x08000252   0x08000252   0x00000004   Code   RO         8035    .ARM.Collect$$_printf_percent$$00000017  c_w.l(_printf_percent_end.o)
    0x08000256   0x08000256   0x00000002   Code   RO         8156    .ARM.Collect$$libinit$$00000000  c_w.l(libinit.o)
    0x08000258   0x08000258   0x00000004   Code   RO         8169    .ARM.Collect$$libinit$$00000001  c_w.l(libinit2.o)
    0x0800025c   0x0800025c   0x00000000   Code   RO         8172    .ARM.Collect$$libinit$$00000004  c_w.l(libinit2.o)
    0x0800025c   0x0800025c   0x00000000   Code   RO         8175    .ARM.Collect$$libinit$$0000000A  c_w.l(libinit2.o)
    0x0800025c   0x0800025c   0x00000000   Code   RO         8177    .ARM.Collect$$libinit$$0000000C  c_w.l(libinit2.o)
    0x0800025c   0x0800025c   0x00000000   Code   RO         8179    .ARM.Collect$$libinit$$0000000E  c_w.l(libinit2.o)
    0x0800025c   0x0800025c   0x00000000   Code   RO         8182    .ARM.Collect$$libinit$$00000011  c_w.l(libinit2.o)
    0x0800025c   0x0800025c   0x00000000   Code   RO         8184    .ARM.Collect$$libinit$$00000013  c_w.l(libinit2.o)
    0x0800025c   0x0800025c   0x00000000   Code   RO         8186    .ARM.Collect$$libinit$$00000015  c_w.l(libinit2.o)
    0x0800025c   0x0800025c   0x00000000   Code   RO         8188    .ARM.Collect$$libinit$$00000017  c_w.l(libinit2.o)
    0x0800025c   0x0800025c   0x00000000   Code   RO         8190    .ARM.Collect$$libinit$$00000019  c_w.l(libinit2.o)
    0x0800025c   0x0800025c   0x00000000   Code   RO         8192    .ARM.Collect$$libinit$$0000001B  c_w.l(libinit2.o)
    0x0800025c   0x0800025c   0x00000000   Code   RO         8194    .ARM.Collect$$libinit$$0000001D  c_w.l(libinit2.o)
    0x0800025c   0x0800025c   0x00000000   Code   RO         8196    .ARM.Collect$$libinit$$0000001F  c_w.l(libinit2.o)
    0x0800025c   0x0800025c   0x00000000   Code   RO         8198    .ARM.Collect$$libinit$$00000021  c_w.l(libinit2.o)
    0x0800025c   0x0800025c   0x00000000   Code   RO         8200    .ARM.Collect$$libinit$$00000023  c_w.l(libinit2.o)
    0x0800025c   0x0800025c   0x00000000   Code   RO         8202    .ARM.Collect$$libinit$$00000025  c_w.l(libinit2.o)
    0x0800025c   0x0800025c   0x00000000   Code   RO         8206    .ARM.Collect$$libinit$$0000002C  c_w.l(libinit2.o)
    0x0800025c   0x0800025c   0x00000000   Code   RO         8208    .ARM.Collect$$libinit$$0000002E  c_w.l(libinit2.o)
    0x0800025c   0x0800025c   0x00000000   Code   RO         8210    .ARM.Collect$$libinit$$00000030  c_w.l(libinit2.o)
    0x0800025c   0x0800025c   0x00000000   Code   RO         8212    .ARM.Collect$$libinit$$00000032  c_w.l(libinit2.o)
    0x0800025c   0x0800025c   0x00000002   Code   RO         8213    .ARM.Collect$$libinit$$00000033  c_w.l(libinit2.o)
    0x0800025e   0x0800025e   0x00000002   Code   RO         8241    .ARM.Collect$$libshutdown$$00000000  c_w.l(libshutdown.o)
    0x08000260   0x08000260   0x00000000   Code   RO         8268    .ARM.Collect$$libshutdown$$00000002  c_w.l(libshutdown2.o)
    0x08000260   0x08000260   0x00000000   Code   RO         8270    .ARM.Collect$$libshutdown$$00000004  c_w.l(libshutdown2.o)
    0x08000260   0x08000260   0x00000000   Code   RO         8273    .ARM.Collect$$libshutdown$$00000007  c_w.l(libshutdown2.o)
    0x08000260   0x08000260   0x00000000   Code   RO         8276    .ARM.Collect$$libshutdown$$0000000A  c_w.l(libshutdown2.o)
    0x08000260   0x08000260   0x00000000   Code   RO         8278    .ARM.Collect$$libshutdown$$0000000C  c_w.l(libshutdown2.o)
    0x08000260   0x08000260   0x00000000   Code   RO         8281    .ARM.Collect$$libshutdown$$0000000F  c_w.l(libshutdown2.o)
    0x08000260   0x08000260   0x00000002   Code   RO         8282    .ARM.Collect$$libshutdown$$00000010  c_w.l(libshutdown2.o)
    0x08000262   0x08000262   0x00000000   Code   RO         8020    .ARM.Collect$$rtentry$$00000000  c_w.l(__rtentry.o)
    0x08000262   0x08000262   0x00000000   Code   RO         8105    .ARM.Collect$$rtentry$$00000002  c_w.l(__rtentry2.o)
    0x08000262   0x08000262   0x00000006   Code   RO         8117    .ARM.Collect$$rtentry$$00000004  c_w.l(__rtentry4.o)
    0x08000268   0x08000268   0x00000000   Code   RO         8107    .ARM.Collect$$rtentry$$00000009  c_w.l(__rtentry2.o)
    0x08000268   0x08000268   0x00000004   Code   RO         8108    .ARM.Collect$$rtentry$$0000000A  c_w.l(__rtentry2.o)
    0x0800026c   0x0800026c   0x00000000   Code   RO         8110    .ARM.Collect$$rtentry$$0000000C  c_w.l(__rtentry2.o)
    0x0800026c   0x0800026c   0x00000008   Code   RO         8111    .ARM.Collect$$rtentry$$0000000D  c_w.l(__rtentry2.o)
    0x08000274   0x08000274   0x00000002   Code   RO         8161    .ARM.Collect$$rtexit$$00000000  c_w.l(rtexit.o)
    0x08000276   0x08000276   0x00000000   Code   RO         8217    .ARM.Collect$$rtexit$$00000002  c_w.l(rtexit2.o)
    0x08000276   0x08000276   0x00000004   Code   RO         8218    .ARM.Collect$$rtexit$$00000003  c_w.l(rtexit2.o)
    0x0800027a   0x0800027a   0x00000006   Code   RO         8219    .ARM.Collect$$rtexit$$00000004  c_w.l(rtexit2.o)
    0x08000280   0x08000280   0x00000488   Code   RO            3    .text               main.o
    0x08000708   0x08000708   0x00000c60   Code   RO          565    .text               gui.o
    0x08001368   0x08001368   0x00000016   Code   RO          591    .text               stm32f4xx_it.o
    0x0800137e   0x0800137e   0x00000002   PAD
    0x08001380   0x08001380   0x000001b0   Code   RO          614    .text               system_stm32f4xx.o
    0x08001530   0x08001530   0x00000268   Code   RO          640    .text               myiic.o
    0x08001798   0x08001798   0x000001e8   Code   RO          660    .text               key.o
    0x08001980   0x08001980   0x00000506   Code   RO          687    .text               lcd.o
    0x08001e86   0x08001e86   0x00000002   PAD
    0x08001e88   0x08001e88   0x00000070   Code   RO          717    .text               led.o
    0x08001ef8   0x08001ef8   0x000000fc   Code   RO          737    .text               spi.o
    0x08001ff4   0x08001ff4   0x000001cc   Code   RO          757    .text               dma.o
    0x080021c0   0x080021c0   0x00000154   Code   RO          987    .text               usart.o
    0x08002314   0x08002314   0x000000e8   Code   RO         1027    .text               timer.o
    0x080023fc   0x080023fc   0x00000230   Code   RO         1061    .text               rtc.o
    0x0800262c   0x0800262c   0x0000050c   Code   RO         1084    .text               ioi2c.o
    0x08002b38   0x08002b38   0x0000036c   Code   RO         1107    .text               bmp180.o
    0x08002ea4   0x08002ea4   0x00001e6c   Code   RO         1133    .text               inv_mpu.o
    0x08004d10   0x08004d10   0x00000d90   Code   RO         1164    .text               inv_mpu_dmp_motion_driver.o
    0x08005aa0   0x08005aa0   0x000006d8   Code   RO         1187    .text               mpu6050.o
    0x08006178   0x08006178   0x00000714   Code   RO         1219    .text               menu.o
    0x0800688c   0x0800688c   0x000000b0   Code   RO         1246    .text               pwm.o
    0x0800693c   0x0800693c   0x000000e0   Code   RO         1266    .text               adc.o
    0x08006a1c   0x08006a1c   0x0000002c   Code   RO         1286    .text               iwdg.o
    0x08006a48   0x08006a48   0x00000148   Code   RO         1306    .text               delay.o
    0x08006b90   0x08006b90   0x00000040   Code   RO         1351    .text               startup_stm32f411xe.o
    0x08006bd0   0x08006bd0   0x000000e0   Code   RO         1357    .text               misc.o
    0x08006cb0   0x08006cb0   0x00000294   Code   RO         1377    .text               stm32f4xx_gpio.o
    0x08006f44   0x08006f44   0x00000660   Code   RO         1397    .text               stm32f4xx_rcc.o
    0x080075a4   0x080075a4   0x00000454   Code   RO         1439    .text               stm32f4xx_usart.o
    0x080079f8   0x080079f8   0x00000480   Code   RO         1459    .text               stm32f4xx_spi.o
    0x08007e78   0x08007e78   0x000003a8   Code   RO         1479    .text               stm32f4xx_dma.o
    0x08008220   0x08008220   0x00000ca2   Code   RO         1499    .text               stm32f4xx_tim.o
    0x08008ec2   0x08008ec2   0x00000002   PAD
    0x08008ec4   0x08008ec4   0x0000016c   Code   RO         1519    .text               stm32f4xx_pwr.o
    0x08009030   0x08009030   0x00000110   Code   RO         1559    .text               stm32f4xx_exti.o
    0x08009140   0x08009140   0x00000d68   Code   RO         1579    .text               stm32f4xx_rtc.o
    0x08009ea8   0x08009ea8   0x00000464   Code   RO         1599    .text               stm32f4xx_adc.o
    0x0800a30c   0x0800a30c   0x00000040   Code   RO         1619    .text               stm32f4xx_iwdg.o
    0x0800a34c   0x0800a34c   0x00000084   Code   RO         1639    .text               bsp.o
    0x0800a3d0   0x0800a3d0   0x0000043c   Code   RO         1660    .text               cpu_core.o
    0x0800a80c   0x0800a80c   0x00000034   Code   RO         1698    .text               cpu_a.o
    0x0800a840   0x0800a840   0x00000256   Code   RO         1701    .text               lib_ascii.o
    0x0800aa96   0x0800aa96   0x00000002   PAD
    0x0800aa98   0x0800aa98   0x00000a46   Code   RO         1734    .text               lib_mem.o
    0x0800b4de   0x0800b4de   0x00000002   PAD
    0x0800b4e0   0x0800b4e0   0x0000092c   Code   RO         1753    .text               lib_str.o
    0x0800be0c   0x0800be0c   0x00000220   Code   RO         1770    .text               lib_mem_a.o
    0x0800c02c   0x0800c02c   0x00000002   Code   RO         1773    .text               os_cfg_app.o
    0x0800c02e   0x0800c02e   0x00000002   PAD
    0x0800c030   0x0800c030   0x00000b46   Code   RO         1796    .text               os_core.o
    0x0800cb76   0x0800cb76   0x00000002   PAD
    0x0800cb78   0x0800cb78   0x000001ac   Code   RO         1808    .text               os_dbg.o
    0x0800cd24   0x0800cd24   0x00000ba4   Code   RO         1823    .text               os_flag.o
    0x0800d8c8   0x0800d8c8   0x0000021c   Code   RO         1841    .text               os_mem.o
    0x0800dae4   0x0800dae4   0x00000228   Code   RO         1853    .text               os_msg.o
    0x0800dd0c   0x0800dd0c   0x000007ec   Code   RO         1865    .text               os_mutex.o
    0x0800e4f8   0x0800e4f8   0x0000007c   Code   RO         1883    .text               os_prio.o
    0x0800e574   0x0800e574   0x00000730   Code   RO         1902    .text               os_q.o
    0x0800eca4   0x0800eca4   0x00000750   Code   RO         1914    .text               os_sem.o
    0x0800f3f4   0x0800f3f4   0x00000624   Code   RO         1926    .text               os_stat.o
    0x0800fa18   0x0800fa18   0x00001440   Code   RO         1938    .text               os_task.o
    0x08010e58   0x08010e58   0x0000048c   Code   RO         1950    .text               os_tick.o
    0x080112e4   0x080112e4   0x000004a0   Code   RO         1962    .text               os_time.o
    0x08011784   0x08011784   0x00000808   Code   RO         1974    .text               os_tmr.o
    0x08011f8c   0x08011f8c   0x000003f4   Code   RO         2005    .text               os_cpu_c.o
    0x08012380   0x08012380   0x00000598   Code   RO         2041    .text               lv_disp.o
    0x08012918   0x08012918   0x000005bc   Code   RO         2172    .text               lv_group.o
    0x08012ed4   0x08012ed4   0x00001a84   Code   RO         2288    .text               lv_indev.o
    0x08014958   0x08014958   0x00005302   Code   RO         2326    .text               lv_obj.o
    0x08019c5a   0x08019c5a   0x00000002   PAD
    0x08019c5c   0x08019c5c   0x00000aac   Code   RO         2423    .text               lv_refr.o
    0x0801a708   0x0801a708   0x00000dc4   Code   RO         2478    .text               lv_style.o
    0x0801b4cc   0x0801b4cc   0x00000b24   Code   RO         2515    .text               lv_draw_arc.o
    0x0801bff0   0x0801bff0   0x0000109c   Code   RO         2587    .text               lv_draw_blend.o
    0x0801d08c   0x0801d08c   0x00000bb4   Code   RO         2700    .text               lv_draw_img.o
    0x0801dc40   0x0801dc40   0x00000f68   Code   RO         2780    .text               lv_draw_label.o
    0x0801eba8   0x0801eba8   0x00000b92   Code   RO         2864    .text               lv_draw_line.o
    0x0801f73a   0x0801f73a   0x00000002   PAD
    0x0801f73c   0x0801f73c   0x00001614   Code   RO         2949    .text               lv_draw_mask.o
    0x08020d50   0x08020d50   0x000025ee   Code   RO         3009    .text               lv_draw_rect.o
    0x0802333e   0x0802333e   0x00000002   PAD
    0x08023340   0x08023340   0x00000fa8   Code   RO         3097    .text               lv_img_buf.o
    0x080242e8   0x080242e8   0x0000027c   Code   RO         3127    .text               lv_img_cache.o
    0x08024564   0x08024564   0x00000890   Code   RO         3166    .text               lv_img_decoder.o
    0x08024df4   0x08024df4   0x00000050   Code   RO         3203    .text               lv_font.o
    0x08024e44   0x08024e44   0x000007ec   Code   RO         3513    .text               lv_font_fmt_txt.o
    0x08025630   0x08025630   0x000003c8   Code   RO         3933    .text               lv_hal_disp.o
    0x080259f8   0x080259f8   0x00000130   Code   RO         4080    .text               lv_hal_indev.o
    0x08025b28   0x08025b28   0x0000004c   Code   RO         4193    .text               lv_hal_tick.o
    0x08025b74   0x08025b74   0x00000628   Code   RO         4216    .text               lv_anim.o
    0x0802619c   0x0802619c   0x000007b8   Code   RO         4307    .text               lv_area.o
    0x08026954   0x08026954   0x0000005c   Code   RO         4326    .text               lv_async.o
    0x080269b0   0x080269b0   0x000003e4   Code   RO         4371    .text               lv_color.o
    0x08026d94   0x08026d94   0x000000e8   Code   RO         4387    .text               lv_debug.o
    0x08026e7c   0x08026e7c   0x000000dc   Code   RO         4412    .text               lv_gc.o
    0x08026f58   0x08026f58   0x00000344   Code   RO         4447    .text               lv_ll.o
    0x0802729c   0x0802729c   0x00000214   Code   RO         4465    .text               lv_math.o
    0x080274b0   0x080274b0   0x00000968   Code   RO         4479    .text               lv_mem.o
    0x08027e18   0x08027e18   0x00000930   Code   RO         4495    .text               lv_printf.o
    0x08028748   0x08028748   0x00000414   Code   RO         4507    .text               lv_task.o
    0x08028b5c   0x08028b5c   0x00000860   Code   RO         4530    .text               lv_txt.o
    0x080293bc   0x080293bc   0x000000d4   Code   RO         4619    .text               lv_utils.o
    0x08029490   0x08029490   0x00000450   Code   RO         4634    .text               lv_theme.o
    0x080298e0   0x080298e0   0x00005602   Code   RO         4930    .text               lv_theme_material.o
    0x0802eee2   0x0802eee2   0x00000002   PAD
    0x0802eee4   0x0802eee4   0x0000186c   Code   RO         5245    .text               lv_arc.o
    0x08030750   0x08030750   0x000003ec   Code   RO         5476    .text               lv_btn.o
    0x08030b3c   0x08030b3c   0x0000100a   Code   RO         5744    .text               lv_cont.o
    0x08031b46   0x08031b46   0x00000002   PAD
    0x08031b48   0x08031b48   0x00001340   Code   RO         6029    .text               lv_img.o
    0x08032e88   0x08032e88   0x00001ab4   Code   RO         6222    .text               lv_label.o
    0x0803493c   0x0803493c   0x00000430   Code   RO         6330    .text               lv_line.o
    0x08034d6c   0x08034d6c   0x00001dac   Code   RO         6565    .text               lv_page.o
    0x08036b18   0x08036b18   0x000013d8   Code   RO         6649    .text               lv_roller.o
    0x08037ef0   0x08037ef0   0x0000006c   Code   RO         7052    .text               lv_port_disp.o
    0x08037f5c   0x08037f5c   0x00000de4   Code   RO         7339    .text               app_start.o
    0x08038d40   0x08038d40   0x0000006c   Code   RO         7408    .text               app_anim.o
    0x08038dac   0x08038dac   0x000004e8   Code   RO         7423    .text               app_meun.o
    0x08039294   0x08039294   0x000001b0   Code   RO         7443    .text               app_about.o
    0x08039444   0x08039444   0x00000700   Code   RO         7463    .text               app_clock.o
    0x08039b44   0x08039b44   0x000000dc   Code   RO         7492    .text               app_game.o
    0x08039c20   0x08039c20   0x00000274   Code   RO         7511    .text               app_lighting.o
    0x08039e94   0x08039e94   0x00000002   Code   RO         7902    .text               c_w.l(use_no_semi_2.o)
    0x08039e96   0x08039e96   0x000000ee   Code   RO         7904    .text               c_w.l(lludivv7m.o)
    0x08039f84   0x08039f84   0x00000048   Code   RO         7906    .text               c_w.l(llsdiv.o)
    0x08039fcc   0x08039fcc   0x00000018   Code   RO         7912    .text               c_w.l(noretval__2printf.o)
    0x08039fe4   0x08039fe4   0x00000028   Code   RO         7914    .text               c_w.l(noretval__2sprintf.o)
    0x0803a00c   0x0803a00c   0x0000004e   Code   RO         7918    .text               c_w.l(_printf_pad.o)
    0x0803a05a   0x0803a05a   0x00000002   PAD
    0x0803a05c   0x0803a05c   0x00000078   Code   RO         7920    .text               c_w.l(_printf_dec.o)
    0x0803a0d4   0x0803a0d4   0x00000138   Code   RO         7934    .text               c_w.l(__printf_flags_wp.o)
    0x0803a20c   0x0803a20c   0x00000058   Code   RO         7944    .text               c_w.l(memcmp.o)
    0x0803a264   0x0803a264   0x00000048   Code   RO         7946    .text               c_w.l(strcpy.o)
    0x0803a2ac   0x0803a2ac   0x0000003e   Code   RO         7948    .text               c_w.l(strlen.o)
    0x0803a2ea   0x0803a2ea   0x0000008a   Code   RO         7952    .text               c_w.l(rt_memcpy_v6.o)
    0x0803a374   0x0803a374   0x00000064   Code   RO         7954    .text               c_w.l(rt_memcpy_w.o)
    0x0803a3d8   0x0803a3d8   0x00000010   Code   RO         7956    .text               c_w.l(aeabi_memset.o)
    0x0803a3e8   0x0803a3e8   0x00000080   Code   RO         7960    .text               c_w.l(strcmpv7m.o)
    0x0803a468   0x0803a468   0x00000006   Code   RO         7962    .text               c_w.l(heapauxi.o)
    0x0803a46e   0x0803a46e   0x00000002   Code   RO         8018    .text               c_w.l(use_no_semi.o)
    0x0803a470   0x0803a470   0x00000016   Code   RO         8025    .text               c_w.l(_rserrno.o)
    0x0803a486   0x0803a486   0x000000b2   Code   RO         8027    .text               c_w.l(_printf_intcommon.o)
    0x0803a538   0x0803a538   0x00000030   Code   RO         8029    .text               c_w.l(_printf_char_common.o)
    0x0803a568   0x0803a568   0x0000000a   Code   RO         8031    .text               c_w.l(_sputc.o)
    0x0803a572   0x0803a572   0x00000002   PAD
    0x0803a574   0x0803a574   0x00000024   Code   RO         8033    .text               c_w.l(_printf_char_file.o)
    0x0803a598   0x0803a598   0x00000044   Code   RO         8036    .text               c_w.l(rt_memclr.o)
    0x0803a5dc   0x0803a5dc   0x00000008   Code   RO         8124    .text               c_w.l(rt_errno_addr_intlibspace.o)
    0x0803a5e4   0x0803a5e4   0x00000008   Code   RO         8128    .text               c_w.l(ferror.o)
    0x0803a5ec   0x0803a5ec   0x0000004e   Code   RO         8132    .text               c_w.l(rt_memclr_w.o)
    0x0803a63a   0x0803a63a   0x00000002   PAD
    0x0803a63c   0x0803a63c   0x00000008   Code   RO         8140    .text               c_w.l(libspace.o)
    0x0803a644   0x0803a644   0x0000004a   Code   RO         8143    .text               c_w.l(sys_stackheap_outer.o)
    0x0803a68e   0x0803a68e   0x00000012   Code   RO         8145    .text               c_w.l(exit.o)
    0x0803a6a0   0x0803a6a0   0x000000ac   Code   RO         2000    CODE                os_cpu_a.o
    0x0803a74c   0x0803a74c   0x00000030   Code   RO         8087    i.__ARM_fpclassify  m_wm.l(fpclassify.o)
    0x0803a77c   0x0803a77c   0x00000004   PAD
    0x0803a780   0x0803a780   0x000002d8   Code   RO         8053    i.__hardfp_atan     m_wm.l(atan.o)
    0x0803aa58   0x0803aa58   0x000001f0   Code   RO         7992    i.__hardfp_atan2    m_wm.l(atan2.o)
    0x0803ac48   0x0803ac48   0x00000c50   Code   RO         8004    i.__hardfp_pow      m_wm.l(pow.o)
    0x0803b898   0x0803b898   0x000000f8   Code   RO         8089    i.__kernel_poly     m_wm.l(poly.o)
    0x0803b990   0x0803b990   0x00000030   Code   RO         8067    i.__mathlib_dbl_divzero  m_wm.l(dunder.o)
    0x0803b9c0   0x0803b9c0   0x00000014   Code   RO         8068    i.__mathlib_dbl_infnan  m_wm.l(dunder.o)
    0x0803b9d4   0x0803b9d4   0x00000014   Code   RO         8069    i.__mathlib_dbl_infnan2  m_wm.l(dunder.o)
    0x0803b9e8   0x0803b9e8   0x00000020   Code   RO         8070    i.__mathlib_dbl_invalid  m_wm.l(dunder.o)
    0x0803ba08   0x0803ba08   0x00000020   Code   RO         8071    i.__mathlib_dbl_overflow  m_wm.l(dunder.o)
    0x0803ba28   0x0803ba28   0x00000020   Code   RO         8073    i.__mathlib_dbl_underflow  m_wm.l(dunder.o)
    0x0803ba48   0x0803ba48   0x0000000e   Code   RO         7932    i._is_digit         c_w.l(__printf_wp.o)
    0x0803ba56   0x0803ba56   0x00000010   Code   RO         8055    i.atan              m_wm.l(atan.o)
    0x0803ba66   0x0803ba66   0x00000018   Code   RO         8083    i.fabs              m_wm.l(fabs.o)
    0x0803ba7e   0x0803ba7e   0x0000006e   Code   RO         8094    i.sqrt              m_wm.l(sqrt.o)
    0x0803baec   0x0803baec   0x00000018   Code   RO         8038    x$fpl$basic         fz_wm.l(basic.o)
    0x0803bb04   0x0803bb04   0x00000062   Code   RO         7966    x$fpl$d2f           fz_wm.l(d2f.o)
    0x0803bb66   0x0803bb66   0x00000002   PAD
    0x0803bb68   0x0803bb68   0x00000150   Code   RO         7968    x$fpl$dadd          fz_wm.l(daddsub_clz.o)
    0x0803bcb8   0x0803bcb8   0x00000010   Code   RO         8134    x$fpl$dcheck1       fz_wm.l(dcheck1.o)
    0x0803bcc8   0x0803bcc8   0x00000018   Code   RO         8157    x$fpl$dcmpinf       fz_wm.l(dcmpi.o)
    0x0803bce0   0x0803bce0   0x000002b0   Code   RO         7975    x$fpl$ddiv          fz_wm.l(ddiv.o)
    0x0803bf90   0x0803bf90   0x0000005e   Code   RO         7978    x$fpl$dfix          fz_wm.l(dfix.o)
    0x0803bfee   0x0803bfee   0x0000002e   Code   RO         7983    x$fpl$dflt          fz_wm.l(dflt_clz.o)
    0x0803c01c   0x0803c01c   0x00000026   Code   RO         7982    x$fpl$dfltu         fz_wm.l(dflt_clz.o)
    0x0803c042   0x0803c042   0x00000002   PAD
    0x0803c044   0x0803c044   0x00000078   Code   RO         8136    x$fpl$dleqf         fz_wm.l(dleqf.o)
    0x0803c0bc   0x0803c0bc   0x00000154   Code   RO         7988    x$fpl$dmul          fz_wm.l(dmul.o)
    0x0803c210   0x0803c210   0x0000009c   Code   RO         8040    x$fpl$dnaninf       fz_wm.l(dnaninf.o)
    0x0803c2ac   0x0803c2ac   0x0000000c   Code   RO         8042    x$fpl$dretinf       fz_wm.l(dretinf.o)
    0x0803c2b8   0x0803c2b8   0x0000006c   Code   RO         8044    x$fpl$drleqf        fz_wm.l(drleqf.o)
    0x0803c324   0x0803c324   0x00000016   Code   RO         7969    x$fpl$drsb          fz_wm.l(daddsub_clz.o)
    0x0803c33a   0x0803c33a   0x00000002   PAD
    0x0803c33c   0x0803c33c   0x00000198   Code   RO         8138    x$fpl$dsqrt         fz_wm.l(dsqrt_umaal.o)
    0x0803c4d4   0x0803c4d4   0x000001d4   Code   RO         7970    x$fpl$dsub          fz_wm.l(daddsub_clz.o)
    0x0803c6a8   0x0803c6a8   0x00000056   Code   RO         7990    x$fpl$f2d           fz_wm.l(f2d.o)
    0x0803c6fe   0x0803c6fe   0x0000008c   Code   RO         8046    x$fpl$fnaninf       fz_wm.l(fnaninf.o)
    0x0803c78a   0x0803c78a   0x0000000a   Code   RO         8229    x$fpl$fpinit        fz_wm.l(fpinit.o)
    0x0803c794   0x0803c794   0x0000000a   Code   RO         8048    x$fpl$fretinf       fz_wm.l(fretinf.o)
    0x0803c79e   0x0803c79e   0x00000064   Code   RO         8159    x$fpl$retnan        fz_wm.l(retnan.o)
    0x0803c802   0x0803c802   0x0000005c   Code   RO         8050    x$fpl$scalbn        fz_wm.l(scalbn.o)
    0x0803c85e   0x0803c85e   0x00000030   Code   RO         8214    x$fpl$trapveneer    fz_wm.l(trapv.o)
    0x0803c88e   0x0803c88e   0x00000000   Code   RO         8052    x$fpl$usenofp       fz_wm.l(usenofp.o)
    0x0803c88e   0x0803c88e   0x000016ae   Data   RO          566    .constdata          gui.o
    0x0803df3c   0x0803df3c   0x00000050   Data   RO         1134    .constdata          inv_mpu.o
    0x0803df8c   0x0803df8c   0x00000bf6   Data   RO         1166    .constdata          inv_mpu_dmp_motion_driver.o
    0x0803eb82   0x0803eb82   0x00000002   PAD
    0x0803eb84   0x0803eb84   0x000000b4   Data   RO         1220    .constdata          menu.o
    0x0803ec38   0x0803ec38   0x00000104   Data   RO         1662    .constdata          cpu_core.o
    0x0803ed3c   0x0803ed3c   0x00000094   Data   RO         1754    .constdata          lib_str.o
    0x0803edd0   0x0803edd0   0x000000a4   Data   RO         1775    .constdata          os_cfg_app.o
    0x0803ee74   0x0803ee74   0x0000016c   Data   RO         1809    .constdata          os_dbg.o
    0x0803efe0   0x0803efe0   0x00000002   Data   RO         2327    .constdata          lv_obj.o
    0x0803efe2   0x0803efe2   0x00000002   PAD
    0x0803efe4   0x0803efe4   0x0000000a   Data   RO         2701    .constdata          lv_draw_img.o
    0x0803efee   0x0803efee   0x00000002   PAD
    0x0803eff0   0x0803eff0   0x00000122   Data   RO         2782    .constdata          lv_draw_label.o
    0x0803f112   0x0803f112   0x00000021   Data   RO         2865    .constdata          lv_draw_line.o
    0x0803f133   0x0803f133   0x00000001   PAD
    0x0803f134   0x0803f134   0x00000002   Data   RO         3010    .constdata          lv_draw_rect.o
    0x0803f136   0x0803f136   0x00000002   PAD
    0x0803f138   0x0803f138   0x00003408   Data   RO         3610    .constdata          lv_font_montserrat_14.o
    0x08042540   0x08042540   0x00003ca4   Data   RO         3637    .constdata          lv_font_montserrat_16.o
    0x080461e4   0x080461e4   0x00000006   Data   RO         3934    .constdata          lv_hal_disp.o
    0x080461ea   0x080461ea   0x00000002   PAD
    0x080461ec   0x080461ec   0x00000008   Data   RO         4217    .constdata          lv_anim.o
    0x080461f4   0x080461f4   0x00000002   Data   RO         4372    .constdata          lv_color.o
    0x080461f6   0x080461f6   0x00000011   Data   RO         4388    .constdata          lv_debug.o
    0x08046207   0x08046207   0x00000001   PAD
    0x08046208   0x08046208   0x000000b6   Data   RO         4466    .constdata          lv_math.o
    0x080462be   0x080462be   0x00000002   PAD
    0x080462c0   0x080462c0   0x00000046   Data   RO         4932    .constdata          lv_theme_material.o
    0x08046306   0x08046306   0x00000002   PAD
    0x08046308   0x08046308   0x00000022   Data   RO         7340    .constdata          app_start.o
    0x0804632a   0x0804632a   0x00000002   PAD
    0x0804632c   0x0804632c   0x0000000e   Data   RO         7424    .constdata          app_meun.o
    0x0804633a   0x0804633a   0x00000002   PAD
    0x0804633c   0x0804633c   0x00000002   Data   RO         7444    .constdata          app_about.o
    0x0804633e   0x0804633e   0x00000002   PAD
    0x08046340   0x08046340   0x0000011e   Data   RO         7465    .constdata          app_clock.o
    0x0804645e   0x0804645e   0x00000002   PAD
    0x08046460   0x08046460   0x00000002   Data   RO         7512    .constdata          app_lighting.o
    0x08046462   0x08046462   0x00000002   PAD
    0x08046464   0x08046464   0x0000b8a0   Data   RO         7536    .constdata          start.o
    0x08051d04   0x08051d04   0x00000b0c   Data   RO         7545    .constdata          people1.o
    0x08052810   0x08052810   0x00000b0c   Data   RO         7554    .constdata          people2.o
    0x0805331c   0x0805331c   0x00000b0c   Data   RO         7563    .constdata          people3.o
    0x08053e28   0x08053e28   0x00000b0c   Data   RO         7572    .constdata          people4.o
    0x08054934   0x08054934   0x00000b0c   Data   RO         7581    .constdata          people5.o
    0x08055440   0x08055440   0x00000b0c   Data   RO         7590    .constdata          people6.o
    0x08055f4c   0x08055f4c   0x00000b0c   Data   RO         7599    .constdata          people7.o
    0x08056a58   0x08056a58   0x00000b0c   Data   RO         7608    .constdata          people8.o
    0x08057564   0x08057564   0x00000b0c   Data   RO         7617    .constdata          people9.o
    0x08058070   0x08058070   0x00000b0c   Data   RO         7626    .constdata          people10.o
    0x08058b7c   0x08058b7c   0x00000b0c   Data   RO         7635    .constdata          people11.o
    0x08059688   0x08059688   0x00000b0c   Data   RO         7644    .constdata          people12.o
    0x0805a194   0x0805a194   0x00000b0c   Data   RO         7653    .constdata          people13.o
    0x0805aca0   0x0805aca0   0x00000b0c   Data   RO         7662    .constdata          people14.o
    0x0805b7ac   0x0805b7ac   0x00000b0c   Data   RO         7671    .constdata          people15.o
    0x0805c2b8   0x0805c2b8   0x00000b0c   Data   RO         7680    .constdata          people16.o
    0x0805cdc4   0x0805cdc4   0x00000b0c   Data   RO         7689    .constdata          people17.o
    0x0805d8d0   0x0805d8d0   0x00000b0c   Data   RO         7698    .constdata          people18.o
    0x0805e3dc   0x0805e3dc   0x00000b0c   Data   RO         7707    .constdata          people19.o
    0x0805eee8   0x0805eee8   0x00000b0c   Data   RO         7716    .constdata          people20.o
    0x0805f9f4   0x0805f9f4   0x00000b0c   Data   RO         7725    .constdata          people21.o
    0x08060500   0x08060500   0x00000b0c   Data   RO         7734    .constdata          people22.o
    0x0806100c   0x0806100c   0x00000b0c   Data   RO         7743    .constdata          people23.o
    0x08061b18   0x08061b18   0x00000b0c   Data   RO         7752    .constdata          people24.o
    0x08062624   0x08062624   0x00000b0c   Data   RO         7761    .constdata          people25.o
    0x08063130   0x08063130   0x00000b0c   Data   RO         7770    .constdata          people26.o
    0x08063c3c   0x08063c3c   0x00000b0c   Data   RO         7779    .constdata          people27.o
    0x08064748   0x08064748   0x00000b0c   Data   RO         7788    .constdata          people28.o
    0x08065254   0x08065254   0x00000b0c   Data   RO         7797    .constdata          people29.o
    0x08065d60   0x08065d60   0x00000b28   Data   RO         7806    .constdata          people30.o
    0x08066888   0x08066888   0x0000708c   Data   RO         7815    .constdata          main_back.o
    0x0806d914   0x0806d914   0x00002988   Data   RO         7824    .constdata          about.o
    0x0807029c   0x0807029c   0x00002a3c   Data   RO         7833    .constdata          clock.o
    0x08072cd8   0x08072cd8   0x00002a3c   Data   RO         7842    .constdata          game.o
    0x08075714   0x08075714   0x00002a3c   Data   RO         7851    .constdata          lighting.o
    0x08078150   0x08078150   0x00000e28   Data   RO         7860    .constdata          my_font_icon_num60.o
    0x08078f78   0x08078f78   0x00000418   Data   RO         7870    .constdata          my_font_icon_num20.o
    0x08079390   0x08079390   0x00000124   Data   RO         7880    .constdata          my_font_icon_30.o
    0x080794b4   0x080794b4   0x000000dc   Data   RO         7890    .constdata          my_font_icon_31.o
    0x08079590   0x08079590   0x00000011   Data   RO         7935    .constdata          c_w.l(__printf_flags_wp.o)
    0x080795a1   0x080795a1   0x00000007   PAD
    0x080795a8   0x080795a8   0x00000088   Data   RO         8007    .constdata          m_wm.l(pow.o)
    0x08079630   0x08079630   0x00000098   Data   RO         8056    .constdata          m_wm.l(atan.o)
    0x080796c8   0x080796c8   0x00000008   Data   RO         8091    .constdata          m_wm.l(qnan.o)
    0x080796d0   0x080796d0   0x00000051   Data   RO         4481    .conststring        lv_mem.o
    0x08079721   0x08079721   0x00000003   PAD
    0x08079724   0x08079724   0x00000020   Data   RO         8283    Region$$Table       anon$$obj.o


    Execution Region RW_IRAM1 (Exec base: 0x20000000, Load base: 0x08079744, Size: 0x00016ac0, Max: 0x00020000, ABSOLUTE, COMPRESSED[0x00000100])

    Exec Addr    Load Addr    Size         Type   Attr      Idx    E Section Name        Object

    0x20000000   COMPRESSED   0x00000014   Data   RW          615    .data               system_stm32f4xx.o
    0x20000014   COMPRESSED   0x00000005   Data   RW          661    .data               key.o
    0x20000019   COMPRESSED   0x00000001   PAD
    0x2000001a   COMPRESSED   0x00000006   Data   RW          689    .data               lcd.o
    0x20000020   COMPRESSED   0x00000006   Data   RW          989    .data               usart.o
    0x20000026   COMPRESSED   0x00000004   Data   RW         1062    .data               rtc.o
    0x2000002a   COMPRESSED   0x00000002   PAD
    0x2000002c   COMPRESSED   0x0000002c   Data   RW         1135    .data               inv_mpu.o
    0x20000058   COMPRESSED   0x00000040   Data   RW         1189    .data               mpu6050.o
    0x20000098   COMPRESSED   0x0000000a   Data   RW         1221    .data               menu.o
    0x200000a2   COMPRESSED   0x00000004   Data   RW         1307    .data               delay.o
    0x200000a6   COMPRESSED   0x00000010   Data   RW         1398    .data               stm32f4xx_rcc.o
    0x200000b6   COMPRESSED   0x00000002   PAD
    0x200000b8   COMPRESSED   0x0000001c   Data   RW         1663    .data               cpu_core.o
    0x200000d4   COMPRESSED   0x00000004   Data   RW         1736    .data               lib_mem.o
    0x200000d8   COMPRESSED   0x00000008   Data   RW         1884    .data               os_prio.o
    0x200000e0   COMPRESSED   0x000000a4   Data   RW         1987    .data               os_var.o
    0x20000184   COMPRESSED   0x00000004   Data   RW         2006    .data               os_cpu_c.o
    0x20000188   COMPRESSED   0x00000008   Data   RW         2289    .data               lv_indev.o
    0x20000190   COMPRESSED   0x0000000c   Data   RW         2328    .data               lv_obj.o
    0x2000019c   COMPRESSED   0x00000008   Data   RW         2424    .data               lv_refr.o
    0x200001a4   COMPRESSED   0x00000008   Data   RW         2783    .data               lv_draw_label.o
    0x200001ac   COMPRESSED   0x00000002   Data   RW         3128    .data               lv_img_cache.o
    0x200001ae   COMPRESSED   0x00000002   PAD
    0x200001b0   COMPRESSED   0x0000000c   Data   RW         3514    .data               lv_font_fmt_txt.o
    0x200001bc   COMPRESSED   0x00000030   Data   RW         3611    .data               lv_font_montserrat_14.o
    0x200001ec   COMPRESSED   0x00000030   Data   RW         3638    .data               lv_font_montserrat_16.o
    0x2000021c   COMPRESSED   0x00000004   Data   RW         3935    .data               lv_hal_disp.o
    0x20000220   COMPRESSED   0x00000005   Data   RW         4194    .data               lv_hal_tick.o
    0x20000225   COMPRESSED   0x00000003   PAD
    0x20000228   COMPRESSED   0x0000000c   Data   RW         4218    .data               lv_anim.o
    0x20000234   COMPRESSED   0x0000001c   Data   RW         4414    .data               lv_gc.o
    0x20000250   COMPRESSED   0x0000001e   Data   RW         4482    .data               lv_mem.o
    0x2000026e   COMPRESSED   0x00000002   PAD
    0x20000270   COMPRESSED   0x00000010   Data   RW         4508    .data               lv_task.o
    0x20000280   COMPRESSED   0x00000020   Data   RW         4531    .data               lv_txt.o
    0x200002a0   COMPRESSED   0x00000004   Data   RW         4635    .data               lv_theme.o
    0x200002a4   COMPRESSED   0x00000005   Data   RW         4933    .data               lv_theme_material.o
    0x200002a9   COMPRESSED   0x00000003   PAD
    0x200002ac   COMPRESSED   0x00000008   Data   RW         5246    .data               lv_arc.o
    0x200002b4   COMPRESSED   0x00000008   Data   RW         5477    .data               lv_btn.o
    0x200002bc   COMPRESSED   0x0000000c   Data   RW         5745    .data               lv_cont.o
    0x200002c8   COMPRESSED   0x00000004   Data   RW         6030    .data               lv_img.o
    0x200002cc   COMPRESSED   0x00000004   Data   RW         6223    .data               lv_label.o
    0x200002d0   COMPRESSED   0x00000004   Data   RW         6331    .data               lv_line.o
    0x200002d4   COMPRESSED   0x00000008   Data   RW         6566    .data               lv_page.o
    0x200002dc   COMPRESSED   0x0000000c   Data   RW         6650    .data               lv_roller.o
    0x200002e8   COMPRESSED   0x00000004   Data   RW         7054    .data               lv_port_disp.o
    0x200002ec   COMPRESSED   0x00000098   Data   RW         7341    .data               app_start.o
    0x20000384   COMPRESSED   0x0000001c   Data   RW         7425    .data               app_meun.o
    0x200003a0   COMPRESSED   0x00000008   Data   RW         7445    .data               app_about.o
    0x200003a8   COMPRESSED   0x00000024   Data   RW         7466    .data               app_clock.o
    0x200003cc   COMPRESSED   0x00000004   Data   RW         7493    .data               app_game.o
    0x200003d0   COMPRESSED   0x00000011   Data   RW         7513    .data               app_lighting.o
    0x200003e1   COMPRESSED   0x00000003   PAD
    0x200003e4   COMPRESSED   0x00000030   Data   RW         7861    .data               my_font_icon_num60.o
    0x20000414   COMPRESSED   0x00000030   Data   RW         7871    .data               my_font_icon_num20.o
    0x20000444   COMPRESSED   0x00000030   Data   RW         7881    .data               my_font_icon_30.o
    0x20000474   COMPRESSED   0x00000030   Data   RW         7891    .data               my_font_icon_31.o
    0x200004a4   COMPRESSED   0x00000004   PAD
    0x200004a8        -       0x00003c9c   Zero   RW            4    .bss                main.o
    0x20004144        -       0x00000010   Zero   RW          688    .bss                lcd.o
    0x20004154        -       0x000000c8   Zero   RW          988    .bss                usart.o
    0x2000421c        -       0x0000004c   Zero   RW         1108    .bss                bmp180.o
    0x20004268        -       0x00000010   Zero   RW         1165    .bss                inv_mpu_dmp_motion_driver.o
    0x20004278        -       0x00000092   Zero   RW         1188    .bss                mpu6050.o
    0x2000430a        -       0x00000010   Zero   RW         1661    .bss                cpu_core.o
    0x2000431a   COMPRESSED   0x00000002   PAD
    0x2000431c        -       0x00000448   Zero   RW         1735    .bss                lib_mem.o
    0x20004764        -       0x00001150   Zero   RW         1774    .bss                os_cfg_app.o
    0x200058b4        -       0x0000061c   Zero   RW         1986    .bss                os_var.o
    0x20005ed0        -       0x00000100   Zero   RW         2781    .bss                lv_draw_label.o
    0x20005fd0        -       0x0000016c   Zero   RW         4413    .bss                lv_gc.o
    0x2000613c        -       0x00008020   Zero   RW         4480    .bss                lv_mem.o
    0x2000e15c        -       0x00000028   Zero   RW         4931    .bss                lv_theme_material.o
    0x2000e184        -       0x00007eb4   Zero   RW         7053    .bss                lv_port_disp.o
    0x20016038        -       0x00000028   Zero   RW         7464    .bss                app_clock.o
    0x20016060        -       0x00000060   Zero   RW         8141    .bss                c_w.l(libspace.o)
    0x200160c0        -       0x00000200   Zero   RW         1349    HEAP                startup_stm32f411xe.o
    0x200162c0        -       0x00000800   Zero   RW         1348    STACK               startup_stm32f411xe.o


==============================================================================

Image component sizes


      Code (inc. data)   RO Data    RW Data    ZI Data      Debug   Object Name

         0          0      10632          0          0        554   about.o
       224         10          0          0          0       1163   adc.o
       432         82          2          8          0      27856   app_about.o
       108          0          0          0          0      27441   app_anim.o
      1792        112        286         36         40      31934   app_clock.o
       220         14          0          4          0      27482   app_game.o
       628         48          2         17          0      28749   app_lighting.o
      1256        116         14         28          0      30903   app_meun.o
      3556        544         34        152          0      37853   app_start.o
       876         40          0          0         76       2930   bmp180.o
       132         14          0          0          0       1211   bsp.o
         0          0      10812          0          0        554   clock.o
        52          0          0          0          0        324   cpu_a.o
      1084         42        260         28         16      16788   cpu_core.o
       328         24          0          4          0       1881   delay.o
       460         18          0          0          0      41696   dma.o
         0          0      10812          0          0        548   game.o
      3168         62       5806          0          0      11619   gui.o
      7788        104         80         44          0      21835   inv_mpu.o
      3472        142       3062          0         16      15251   inv_mpu_dmp_motion_driver.o
      1292         14          0          0          0       5742   ioi2c.o
        44          0          0          0          0        694   iwdg.o
       488         34          0          5          0       1890   key.o
      1286         24          0          6         16       5536   lcd.o
       112          8          0          0          0        543   led.o
       598          0          0          0          0       3960   lib_ascii.o
      2630         36          0          4       1096      22468   lib_mem.o
       544          0          0          0          0        468   lib_mem_a.o
      2348          6        148          0          0      13878   lib_str.o
         0          0      10812          0          0        580   lighting.o
      1576         40          8         12          0      29919   lv_anim.o
      6252         56          0          8          0      85186   lv_arc.o
      1976         22          0          0          0       6876   lv_area.o
        92          6          0          0          0       2570   lv_async.o
         0          0          0          0          0      21926   lv_bar.o
         0          0          0          0          0       1364   lv_bidi.o
      1004         64          0          8          0      15570   lv_btn.o
         0          0          0          0          0       3867   lv_calendar.o
       996         12          2          0          0       8865   lv_color.o
      4106         56          0         12          0      46710   lv_cont.o
       232          6         17          0          0       2529   lv_debug.o
      1432         30          0          0          0      67136   lv_disp.o
      2852          0          0          0          0      30300   lv_draw_arc.o
      4252         10          0          0          0      42432   lv_draw_blend.o
      2996         50         10          0          0      46384   lv_draw_img.o
      3944         54        290          8        256      34443   lv_draw_label.o
      2962          4         33          0          0      33545   lv_draw_line.o
      5652         74          0          0          0      19386   lv_draw_mask.o
      9710          8          2          0          0      43647   lv_draw_rect.o
         0          0          0          0          0      14204   lv_dropdown.o
        80          0          0          0          0       8927   lv_font.o
         0          0          0          0          0       7384   lv_font_dejavu_16_persian_hebrew.o
      2028         78          0         12          0       9737   lv_font_fmt_txt.o
         0          0      13320         48          0       2260   lv_font_montserrat_14.o
         0          0      15524         48          0       2260   lv_font_montserrat_16.o
         0          0          0          0          0      14200   lv_gauge.o
       220         72          0         28        364       6332   lv_gc.o
      1468         36          0          0          0      37986   lv_group.o
       968         34          6          4          0      34485   lv_hal_disp.o
       304         24          0          0          0      25051   lv_hal_indev.o
        76         10          0          5          0       1576   lv_hal_tick.o
      4928         52          0          4          0      39335   lv_img.o
      4008         32          0          0          0      19399   lv_img_buf.o
       636         28          0          2          0       7175   lv_img_cache.o
      2192         44          0          0          0      18609   lv_img_decoder.o
      6788         52          0          8          0      22806   lv_indev.o
      6836        158          0          4          0      62410   lv_label.o
      1072         56          0          4          0      38934   lv_line.o
       836          0          0          0          0       5843   lv_ll.o
       532          6        182          0          0       3335   lv_math.o
      2408         94         81         30      32800       8139   lv_mem.o
     21250        236          2         12          0     134417   lv_obj.o
      7596        110          0          8          0      72009   lv_page.o
       108         18          0          4      32436      36703   lv_port_disp.o
      2352         10          0          0          0       8003   lv_printf.o
      2732         24          0          8          0      45936   lv_refr.o
      5080        150          0         12          0      46447   lv_roller.o
      3524         16          0          0          0      22985   lv_style.o
      1044         58          0         16          0       5566   lv_task.o
      1104         52          0          4          0      40385   lv_theme.o
     22018        500         70          5         40      66633   lv_theme_material.o
      2144         52          0         32          0      13059   lv_txt.o
       212          0          0          0          0       1585   lv_utils.o
      1160        224          0          0      15516     344837   main.o
         0          0      28812          0          0        586   main_back.o
      1812         66        180         10          0       5424   menu.o
       224         20          0          0          0       1805   misc.o
      1752         72          0         64        146      32214   mpu6050.o
         0          0        292         48          0        662   my_font_icon_30.o
         0          0        220         48          0        662   my_font_icon_31.o
         0          0       1048         48          0        717   my_font_icon_num20.o
         0          0       3624         48          0        677   my_font_icon_num60.o
       616         14          0          0          0       1916   myiic.o
         2          0        164          0       4432      19336   os_cfg_app.o
      2886        198          0          0          0      10881   os_core.o
       172         32          0          0          0        392   os_cpu_a.o
      1012         60          0          4          0       4117   os_cpu_c.o
       428        280        364          0          0       4773   os_dbg.o
      2980         80          0          0          0       8103   os_flag.o
       540         16          0          0          0       2888   os_mem.o
       552         14          0          0          0       2726   os_msg.o
      2028         82          0          0          0       5578   os_mutex.o
       124          4          0          8          0       1888   os_prio.o
      1840         56          0          0          0       6464   os_q.o
      1872         58          0          0          0       6520   os_sem.o
      1572        160          0          0          0       2901   os_stat.o
      5184        178          0          0          0      13550   os_task.o
      1164         74          0          0          0       3413   os_tick.o
      1184         50          0          0          0       3281   os_time.o
      2056        134          0          0          0       6906   os_tmr.o
         0          0          0        164       1564      17823   os_var.o
         0          0       2828          0          0        578   people1.o
         0          0       2828          0          0        580   people10.o
         0          0       2828          0          0        580   people11.o
         0          0       2828          0          0        580   people12.o
         0          0       2828          0          0        580   people13.o
         0          0       2828          0          0        580   people14.o
         0          0       2828          0          0        580   people15.o
         0          0       2828          0          0        580   people16.o
         0          0       2828          0          0        580   people17.o
         0          0       2828          0          0        580   people18.o
         0          0       2828          0          0        580   people19.o
         0          0       2828          0          0        578   people2.o
         0          0       2828          0          0        580   people20.o
         0          0       2828          0          0        580   people21.o
         0          0       2828          0          0        580   people22.o
         0          0       2828          0          0        580   people23.o
         0          0       2828          0          0        580   people24.o
         0          0       2828          0          0        580   people25.o
         0          0       2828          0          0        580   people26.o
         0          0       2828          0          0        580   people27.o
         0          0       2828          0          0        580   people28.o
         0          0       2828          0          0        580   people29.o
         0          0       2828          0          0        578   people3.o
         0          0       2856          0          0        580   people30.o
         0          0       2828          0          0        578   people4.o
         0          0       2828          0          0        578   people5.o
         0          0       2828          0          0        578   people6.o
         0          0       2828          0          0        578   people7.o
         0          0       2828          0          0        578   people8.o
         0          0       2828          0          0        578   people9.o
       176          8          0          0          0        780   pwm.o
       560         18          0          4          0       2832   rtc.o
       252         10          0          0          0       1515   spi.o
         0          0      47264          0          0        554   start.o
        64         26        408          0       2560        824   startup_stm32f411xe.o
      1124         24          0          0          0      10678   stm32f4xx_adc.o
       936         32          0          0          0       6381   stm32f4xx_dma.o
       272         10          0          0          0       2275   stm32f4xx_exti.o
       660         44          0          0          0       4145   stm32f4xx_gpio.o
        22          0          0          0          0       1043   stm32f4xx_it.o
        64          6          0          0          0       1337   stm32f4xx_iwdg.o
       364         12          0          0          0       3787   stm32f4xx_pwr.o
      1632         52          0         16          0      13076   stm32f4xx_rcc.o
      3432         44          0          0          0      15420   stm32f4xx_rtc.o
      1152         36          0          0          0       6897   stm32f4xx_spi.o
      3234         60          0          0          0      23004   stm32f4xx_tim.o
      1108         34          0          0          0       7872   stm32f4xx_usart.o
       432         46          0         20          0       1667   system_stm32f4xx.o
       232          4          0          0          0       1870   timer.o
       340         18          0          6        200       3854   usart.o

    ----------------------------------------------------------------------
    236736       6344     249614       1188      91580    2449334   Object Totals
         0          0         32          0          0          0   (incl. Generated)
        24          0         29         18          6          0   (incl. Padding)

    ----------------------------------------------------------------------

      Code (inc. data)   RO Data    RW Data    ZI Data      Debug   Library Member Name

        90          0          0          0          0          0   __dczerorl2.o
         8          0          0          0          0         68   __main.o
       312          4         17          0          0         92   __printf_flags_wp.o
        14          0          0          0          0         68   __printf_wp.o
         0          0          0          0          0          0   __rtentry.o
        12          0          0          0          0          0   __rtentry2.o
         6          0          0          0          0          0   __rtentry4.o
        52          8          0          0          0          0   __scatter.o
        28          0          0          0          0          0   __scatter_zi.o
        48          6          0          0          0         96   _printf_char_common.o
        36          4          0          0          0         80   _printf_char_file.o
         6          0          0          0          0          0   _printf_d.o
       120         16          0          0          0         92   _printf_dec.o
       178          0          0          0          0         88   _printf_intcommon.o
        78          0          0          0          0        108   _printf_pad.o
         0          0          0          0          0          0   _printf_percent.o
         4          0          0          0          0          0   _printf_percent_end.o
        22          0          0          0          0        100   _rserrno.o
        10          0          0          0          0         68   _sputc.o
        16          0          0          0          0         68   aeabi_memset.o
        18          0          0          0          0         80   exit.o
         8          0          0          0          0         68   ferror.o
         6          0          0          0          0        152   heapauxi.o
         2          0          0          0          0          0   libinit.o
         6          0          0          0          0          0   libinit2.o
         2          0          0          0          0          0   libshutdown.o
         2          0          0          0          0          0   libshutdown2.o
         8          4          0          0         96         68   libspace.o
        72          0          0          0          0         76   llsdiv.o
       238          0          0          0          0        100   lludivv7m.o
        88          0          0          0          0         76   memcmp.o
        24          4          0          0          0         84   noretval__2printf.o
        40          6          0          0          0         84   noretval__2sprintf.o
         8          4          0          0          0         68   rt_errno_addr_intlibspace.o
        68          0          0          0          0         68   rt_memclr.o
        78          0          0          0          0         80   rt_memclr_w.o
       138          0          0          0          0         68   rt_memcpy_v6.o
       100          0          0          0          0         80   rt_memcpy_w.o
         2          0          0          0          0          0   rtexit.o
        10          0          0          0          0          0   rtexit2.o
       128          0          0          0          0         68   strcmpv7m.o
        72          0          0          0          0         80   strcpy.o
        62          0          0          0          0         76   strlen.o
        74          0          0          0          0         80   sys_stackheap_outer.o
         2          0          0          0          0         68   use_no_semi.o
         2          0          0          0          0         68   use_no_semi_2.o
        24          0          0          0          0        164   basic.o
        98          4          0          0          0        140   d2f.o
       826         16          0          0          0        492   daddsub_clz.o
        16          4          0          0          0        116   dcheck1.o
        24          0          0          0          0        116   dcmpi.o
       688        140          0          0          0        256   ddiv.o
        94          4          0          0          0        140   dfix.o
        84          0          0          0          0        232   dflt_clz.o
       120          4          0          0          0        140   dleqf.o
       340         12          0          0          0        152   dmul.o
       156          4          0          0          0        140   dnaninf.o
        12          0          0          0          0        116   dretinf.o
       108          0          0          0          0        128   drleqf.o
       408         56          0          0          0        168   dsqrt_umaal.o
        86          4          0          0          0        132   f2d.o
       140          4          0          0          0        132   fnaninf.o
        10          0          0          0          0        116   fpinit.o
        10          0          0          0          0        116   fretinf.o
       100          0          0          0          0        116   retnan.o
        92          0          0          0          0        116   scalbn.o
        48          0          0          0          0        116   trapv.o
         0          0          0          0          0          0   usenofp.o
       744        106        152          0          0        352   atan.o
       496         64          0          0          0        192   atan2.o
       184         44          0          0          0        744   dunder.o
        24          0          0          0          0        124   fabs.o
        48          0          0          0          0        124   fpclassify.o
       248          0          0          0          0        152   poly.o
      3152        296        136          0          0        352   pow.o
         0          0          8          0          0          0   qnan.o
       110          0          0          0          0        148   sqrt.o

    ----------------------------------------------------------------------
     10806        818        320          0         96       8052   Library Totals
        18          0          7          0          0          0   (incl. Padding)

    ----------------------------------------------------------------------

      Code (inc. data)   RO Data    RW Data    ZI Data      Debug   Library Name

      2298         56         17          0         96       2520   c_w.l
      3484        252          0          0          0       3344   fz_wm.l
      5006        510        296          0          0       2188   m_wm.l

    ----------------------------------------------------------------------
     10806        818        320          0         96       8052   Library Totals

    ----------------------------------------------------------------------

==============================================================================


      Code (inc. data)   RO Data    RW Data    ZI Data      Debug   

    247542       7162     249934       1188      91676    2429382   Grand Totals
    247542       7162     249934        256      91676    2429382   ELF Image Totals (compressed)
    247542       7162     249934        256          0          0   ROM Totals

==============================================================================

    Total RO  Size (Code + RO Data)               497476 ( 485.82kB)
    Total RW  Size (RW Data + ZI Data)             92864 (  90.69kB)
    Total ROM Size (Code + RO Data + RW Data)     497732 ( 486.07kB)

==============================================================================

